<html>
<body>
<pre>
<h1>礦ision Build Log</h1>
<h2>Project:</h2>
C:\Users\asus-pc\Desktop\新建文件夹\2016国赛 - 标准 - 5-7\USER\Template.uvproj
Project File Date:  05/06/2016

<h2>Output:</h2>
Build target 'Template'
compiling action.c...
..\USER\action.h(3): warning:  #1295-D: Deprecated declaration zhili - give arg types
  void zhili();
..\USER\action.h(4): warning:  #1295-D: Deprecated declaration l_0tai - give arg types
  void l_0tai();
..\USER\action.h(5): warning:  #1295-D: Deprecated declaration l_0mai_1 - give arg types
  void l_0mai_1();
..\USER\action.h(6): warning:  #1295-D: Deprecated declaration l_0mai_2 - give arg types
  void l_0mai_2();
..\USER\action.h(7): warning:  #1295-D: Deprecated declaration l_luo - give arg types
  void l_luo();
..\USER\action.h(8): warning:  #1295-D: Deprecated declaration r_tai - give arg types
  void r_tai();
..\USER\action.h(9): warning:  #1295-D: Deprecated declaration r_mai1 - give arg types
  void r_mai1();
..\USER\action.h(10): warning:  #1295-D: Deprecated declaration r_mai2 - give arg types
  void r_mai2();
..\USER\action.h(11): warning:  #1295-D: Deprecated declaration r_luo - give arg types
  void r_luo();
..\USER\action.h(12): warning:  #1295-D: Deprecated declaration l_tai - give arg types
  void l_tai();
..\USER\action.h(44): warning:  #1-D: last line of file ends without a newline
  //void        r_tai1_f();
..\HARDWARE\uart5.h(37): warning:  #1295-D: Deprecated declaration yunsong - give arg types
  void yunsong();
..\HARDWARE\uart5.h(39): warning:  #1295-D: Deprecated declaration Action - give arg types
  void Action();
action.c(321): warning:  #1-D: last line of file ends without a newline
  //}
action.c: 14 warnings, 0 errors
linking...
Program Size: Code=17280 RO-data=336 RW-data=212 ZI-data=1700  
FromELF: creating hex file...
"..\OBJ\Template.axf" - 0 Error(s), 14 Warning(s).
</pre>
</body>
</html>
nings, 0 errors
linking...
Program Size: Code=17276 RO-data=336 RW-data=212 ZI-data=1700  
FromELF: creating hex file...
"..\OBJ\Template.axf" - 0 Error(s), 16 Warning(s).
295-D: Deprecated declaration l_0tai - give arg types
  void l_0tai();
..\USER\action.h(5): warning:  #1295-D: Deprecated declaration l_0mai_1 - give arg types
  void l_0mai_1();
..\USER\action.h(6): warning:  #1295-D: Deprecated declaration l_0mai_2 - give arg types
  void l_0mai_2();
..\USER\action.h(7): warning:  #1295-D: Deprecated declaration l_luo - give arg types
  void l_luo();
..\USER\action.h(8): warning:  #1295-D: Deprecated declaration r_tai - give arg types
  void r_tai();
..\USER\action.h(9): warning:  #1295-D: Deprecated declaration r_mai1 - give arg types
  void r_mai1();
..\USER\action.h(10): warning:  #1295-D: Deprecated declaration r_mai2 - give arg types
  void r_mai2();
..\USER\action.h(11): warning:  #1295-D: Deprecated declaration r_luo - give arg types
  void r_luo();
..\USER\action.h(12): warning:  #1295-D: Deprecated declaration l_tai - give arg types
  void l_tai();
..\USER\action.h(44): warning:  #1-D: last line of file ends without a newline
  //void        r_tai1_f();
..\HARDWARE\uart5.h(37): warning:  #1295-D: Deprecated declaration yunsong - give arg types
  void yunsong();
..\HARDWARE\uart5.h(39): warning:  #1295-D: Deprecated declaration Action - give arg types
  void Action();
action.c(321): warning:  #1-D: last line of file ends without a newline
  //}
action.c: 14 warnings, 0 errors
linking...
Program Size: Code=17256 RO-data=336 RW-data=212 ZI-data=1700  
FromELF: creating hex file...
"..\OBJ\Template.axf" - 0 Error(s), 30 Warning(s).
